Traceback (most recent call last):
  File "/Users/rt/Desktop/astrocarebackend/Astrocare1Project/backend/./venv/bin/pytest", line 8, in <module>
    sys.exit(console_main())
             ~~~~~~~~~~~~^^
  File "/Users/rt/Desktop/astrocarebackend/Astrocare1Project/backend/venv/lib/python3.13/site-packages/_pytest/config/__init__.py", line 223, in console_main
    code = main()
  File "/Users/rt/Desktop/astrocarebackend/Astrocare1Project/backend/venv/lib/python3.13/site-packages/_pytest/config/__init__.py", line 193, in main
    config = _prepareconfig(new_args, plugins)
  File "/Users/rt/Desktop/astrocarebackend/Astrocare1Project/backend/venv/lib/python3.13/site-packages/_pytest/config/__init__.py", line 361, in _prepareconfig
    config: Config = pluginmanager.hook.pytest_cmdline_parse(
                     ~~~~~~~~~~~~~~~~~~~~~~~~~~~~~~~~~~~~~~~^
        pluginmanager=pluginmanager, args=args
        ^^^^^^^^^^^^^^^^^^^^^^^^^^^^^^^^^^^^^^
    )
    ^
  File "/Users/rt/Desktop/astrocarebackend/Astrocare1Project/backend/venv/lib/python3.13/site-packages/pluggy/_hooks.py", line 512, in __call__
    return self._hookexec(self.name, self._hookimpls.copy(), kwargs, firstresult)
           ~~~~~~~~~~~~~~^^^^^^^^^^^^^^^^^^^^^^^^^^^^^^^^^^^^^^^^^^^^^^^^^^^^^^^^
  File "/Users/rt/Desktop/astrocarebackend/Astrocare1Project/backend/venv/lib/python3.13/site-packages/pluggy/_manager.py", line 120, in _hookexec
    return self._inner_hookexec(hook_name, methods, kwargs, firstresult)
           ~~~~~~~~~~~~~~~~~~~~^^^^^^^^^^^^^^^^^^^^^^^^^^^^^^^^^^^^^^^^^
  File "/Users/rt/Desktop/astrocarebackend/Astrocare1Project/backend/venv/lib/python3.13/site-packages/pluggy/_callers.py", line 167, in _multicall
    raise exception
  File "/Users/rt/Desktop/astrocarebackend/Astrocare1Project/backend/venv/lib/python3.13/site-packages/pluggy/_callers.py", line 139, in _multicall
    teardown.throw(exception)
    ~~~~~~~~~~~~~~^^^^^^^^^^^
  File "/Users/rt/Desktop/astrocarebackend/Astrocare1Project/backend/venv/lib/python3.13/site-packages/_pytest/helpconfig.py", line 124, in pytest_cmdline_parse
    config = yield
             ^^^^^
  File "/Users/rt/Desktop/astrocarebackend/Astrocare1Project/backend/venv/lib/python3.13/site-packages/pluggy/_callers.py", line 121, in _multicall
    res = hook_impl.function(*args)
  File "/Users/rt/Desktop/astrocarebackend/Astrocare1Project/backend/venv/lib/python3.13/site-packages/_pytest/config/__init__.py", line 1186, in pytest_cmdline_parse
    self.parse(args)
    ~~~~~~~~~~^^^^^^
  File "/Users/rt/Desktop/astrocarebackend/Astrocare1Project/backend/venv/lib/python3.13/site-packages/_pytest/config/__init__.py", line 1556, in parse
    self.hook.pytest_load_initial_conftests(
    ~~~~~~~~~~~~~~~~~~~~~~~~~~~~~~~~~~~~~~~^
        early_config=self, args=args, parser=self._parser
        ^^^^^^^^^^^^^^^^^^^^^^^^^^^^^^^^^^^^^^^^^^^^^^^^^
    )
    ^
  File "/Users/rt/Desktop/astrocarebackend/Astrocare1Project/backend/venv/lib/python3.13/site-packages/pluggy/_hooks.py", line 512, in __call__
    return self._hookexec(self.name, self._hookimpls.copy(), kwargs, firstresult)
           ~~~~~~~~~~~~~~^^^^^^^^^^^^^^^^^^^^^^^^^^^^^^^^^^^^^^^^^^^^^^^^^^^^^^^^
  File "/Users/rt/Desktop/astrocarebackend/Astrocare1Project/backend/venv/lib/python3.13/site-packages/pluggy/_manager.py", line 120, in _hookexec
    return self._inner_hookexec(hook_name, methods, kwargs, firstresult)
           ~~~~~~~~~~~~~~~~~~~~^^^^^^^^^^^^^^^^^^^^^^^^^^^^^^^^^^^^^^^^^
  File "/Users/rt/Desktop/astrocarebackend/Astrocare1Project/backend/venv/lib/python3.13/site-packages/pluggy/_callers.py", line 167, in _multicall
    raise exception
  File "/Users/rt/Desktop/astrocarebackend/Astrocare1Project/backend/venv/lib/python3.13/site-packages/pluggy/_callers.py", line 139, in _multicall
    teardown.throw(exception)
    ~~~~~~~~~~~~~~^^^^^^^^^^^
  File "/Users/rt/Desktop/astrocarebackend/Astrocare1Project/backend/venv/lib/python3.13/site-packages/_pytest/warnings.py", line 128, in pytest_load_initial_conftests
    return (yield)
            ^^^^^
  File "/Users/rt/Desktop/astrocarebackend/Astrocare1Project/backend/venv/lib/python3.13/site-packages/pluggy/_callers.py", line 139, in _multicall
    teardown.throw(exception)
    ~~~~~~~~~~~~~~^^^^^^^^^^^
  File "/Users/rt/Desktop/astrocarebackend/Astrocare1Project/backend/venv/lib/python3.13/site-packages/_pytest/capture.py", line 173, in pytest_load_initial_conftests
    yield
  File "/Users/rt/Desktop/astrocarebackend/Astrocare1Project/backend/venv/lib/python3.13/site-packages/pluggy/_callers.py", line 121, in _multicall
    res = hook_impl.function(*args)
  File "/Users/rt/Desktop/astrocarebackend/Astrocare1Project/backend/venv/lib/python3.13/site-packages/_pytest/config/__init__.py", line 1270, in pytest_load_initial_conftests
    self.pluginmanager._set_initial_conftests(
    ~~~~~~~~~~~~~~~~~~~~~~~~~~~~~~~~~~~~~~~~~^
        args=args,
        ^^^^^^^^^^
    ...<8 lines>...
        ),
        ^^
    )
    ^
  File "/Users/rt/Desktop/astrocarebackend/Astrocare1Project/backend/venv/lib/python3.13/site-packages/_pytest/config/__init__.py", line 602, in _set_initial_conftests
    self._try_load_conftest(
    ~~~~~~~~~~~~~~~~~~~~~~~^
        anchor,
        ^^^^^^^
    ...<2 lines>...
        consider_namespace_packages=consider_namespace_packages,
        ^^^^^^^^^^^^^^^^^^^^^^^^^^^^^^^^^^^^^^^^^^^^^^^^^^^^^^^^
    )
    ^
  File "/Users/rt/Desktop/astrocarebackend/Astrocare1Project/backend/venv/lib/python3.13/site-packages/_pytest/config/__init__.py", line 640, in _try_load_conftest
    self._loadconftestmodules(
    ~~~~~~~~~~~~~~~~~~~~~~~~~^
        anchor,
        ^^^^^^^
    ...<2 lines>...
        consider_namespace_packages=consider_namespace_packages,
        ^^^^^^^^^^^^^^^^^^^^^^^^^^^^^^^^^^^^^^^^^^^^^^^^^^^^^^^^
    )
    ^
  File "/Users/rt/Desktop/astrocarebackend/Astrocare1Project/backend/venv/lib/python3.13/site-packages/_pytest/config/__init__.py", line 680, in _loadconftestmodules
    mod = self._importconftest(
        conftestpath,
    ...<2 lines>...
        consider_namespace_packages=consider_namespace_packages,
    )
  File "/Users/rt/Desktop/astrocarebackend/Astrocare1Project/backend/venv/lib/python3.13/site-packages/_pytest/config/__init__.py", line 756, in _importconftest
    self.consider_conftest(mod, registration_name=conftestpath_plugin_name)
    ~~~~~~~~~~~~~~~~~~~~~~^^^^^^^^^^^^^^^^^^^^^^^^^^^^^^^^^^^^^^^^^^^^^^^^^
  File "/Users/rt/Desktop/astrocarebackend/Astrocare1Project/backend/venv/lib/python3.13/site-packages/_pytest/config/__init__.py", line 837, in consider_conftest
    self.register(conftestmodule, name=registration_name)
    ~~~~~~~~~~~~~^^^^^^^^^^^^^^^^^^^^^^^^^^^^^^^^^^^^^^^^
  File "/Users/rt/Desktop/astrocarebackend/Astrocare1Project/backend/venv/lib/python3.13/site-packages/_pytest/config/__init__.py", line 522, in register
    plugin_name = super().register(plugin, name)
  File "/Users/rt/Desktop/astrocarebackend/Astrocare1Project/backend/venv/lib/python3.13/site-packages/pluggy/_manager.py", line 168, in register
    self._verify_hook(hook, hookimpl)
    ~~~~~~~~~~~~~~~~~^^^^^^^^^^^^^^^^
  File "/Users/rt/Desktop/astrocarebackend/Astrocare1Project/backend/venv/lib/python3.13/site-packages/pluggy/_manager.py", line 355, in _verify_hook
    _warn_for_function(argname_warning, hookimpl.function)
    ~~~~~~~~~~~~~~~~~~^^^^^^^^^^^^^^^^^^^^^^^^^^^^^^^^^^^^
  File "/Users/rt/Desktop/astrocarebackend/Astrocare1Project/backend/venv/lib/python3.13/site-packages/pluggy/_manager.py", line 41, in _warn_for_function
    warnings.warn_explicit(
    ~~~~~~~~~~~~~~~~~~~~~~^
        warning,
        ^^^^^^^^
    ...<2 lines>...
        filename=func.__code__.co_filename,
        ^^^^^^^^^^^^^^^^^^^^^^^^^^^^^^^^^^^
    )
    ^
pytest.PytestRemovedIn9Warning: The (path: py.path.local) argument is deprecated, please use (collection_path: pathlib.Path)
see https://docs.pytest.org/en/latest/deprecations.html#py-path-local-arguments-for-hooks-replaced-with-pathlib-path
